main.c:104:5:main	8	static
main.c:195:6:SystemClock_Config	232	static
main.c:273:13:MX_ADC1_Init	48	static
main.c:337:13:MX_ADC3_Init	32	static
main.c:393:13:MX_DAC1_Init	48	static
main.c:434:13:MX_DFSDM1_Init	8	static
main.c:472:13:MX_I2C2_Init	8	static
main.c:518:13:MX_QUADSPI_Init	8	static
main.c:551:13:MX_SPI3_Init	8	static
main.c:591:13:MX_TIM6_Init	24	static
main.c:629:13:MX_USART1_UART_Init	8	static
main.c:664:13:MX_USART3_UART_Init	8	static
main.c:699:13:MX_USB_OTG_FS_PCD_Init	8	static
main.c:734:13:MX_GPIO_Init	48	static
main.c:902:6:Error_Handler	4	static,ignoring_inline_asm
